This is pdfTeX, Version 3.141592653-2.6-1.40.29 (MiKTeX 26.2) (preloaded format=pdflatex 2026.5.7)  23 MAY 2026 20:39
entering extended mode
 restricted \write18 enabled.
 file:line:error style messages enabled.
 %&-line parsing enabled.
**"d:/Projects/git/Parallelizing-the-nBody-problem/latex analysis report/report.tex"
(d:/Projects/git/Parallelizing-the-nBody-problem/latex analysis report/report.tex
LaTeX2e <2025-11-01>
L3 programming layer <2026-03-20>
(C:\Users\LENOVO\AppData\Local\Programs\MiKTeX\tex/latex/base\article.cls
Document Class: article 2025/01/22 v1.4n Standard LaTeX document class
(C:\Users\LENOVO\AppData\Local\Programs\MiKTeX\tex/latex/base\size12.clo
File: size12.clo 2025/01/22 v1.4n Standard LaTeX file (size option)
)
\c@part=\count275
\c@section=\count276
\c@subsection=\count277
\c@subsubsection=\count278
\c@paragraph=\count279
\c@subparagraph=\count280
\c@figure=\count281
\c@table=\count282
\abovecaptionskip=\skip49
\belowcaptionskip=\skip50
\bibindent=\dimen150
) (C:\Users\LENOVO\AppData\Local\Programs\MiKTeX\tex/latex/base\inputenc.sty
Package: inputenc 2024/02/08 v1.3d Input encoding file
\inpenc@prehook=\toks17
\inpenc@posthook=\toks18
) (C:\Users\LENOVO\AppData\Local\Programs\MiKTeX\tex/latex/amsmath\amsmath.sty
Package: amsmath 2025/07/09 v2.17z AMS math features
\@mathmargin=\skip51

For additional information on amsmath, use the `?' option.
(C:\Users\LENOVO\AppData\Local\Programs\MiKTeX\tex/latex/amsmath\amstext.sty
Package: amstext 2024/11/17 v2.01 AMS text
 (C:\Users\LENOVO\AppData\Local\Programs\MiKTeX\tex/latex/amsmath\amsgen.sty
File: amsgen.sty 1999/11/30 v2.0 generic functions
\@emptytoks=\toks19
\ex@=\dimen151
)) (C:\Users\LENOVO\AppData\Local\Programs\MiKTeX\tex/latex/amsmath\amsbsy.sty
Package: amsbsy 1999/11/29 v1.2d Bold Symbols
\pmbraise@=\dimen152
) (C:\Users\LENOVO\AppData\Local\Programs\MiKTeX\tex/latex/amsmath\amsopn.sty
Package: amsopn 2022/04/08 v2.04 operator names
)
\inf@bad=\count283
LaTeX Info: Redefining \frac on input line 233.
\uproot@=\count284
\leftroot@=\count285
LaTeX Info: Redefining \overline on input line 398.
LaTeX Info: Redefining \colon on input line 409.
\classnum@=\count286
\DOTSCASE@=\count287
LaTeX Info: Redefining \ldots on input line 495.
LaTeX Info: Redefining \dots on input line 498.
LaTeX Info: Redefining \cdots on input line 619.
\Mathstrutbox@=\box53
\strutbox@=\box54
LaTeX Info: Redefining \big on input line 721.
LaTeX Info: Redefining \Big on input line 722.
LaTeX Info: Redefining \bigg on input line 723.
LaTeX Info: Redefining \Bigg on input line 724.
\big@size=\dimen153
LaTeX Font Info:    Redeclaring font encoding OML on input line 742.
LaTeX Font Info:    Redeclaring font encoding OMS on input line 743.
\macc@depth=\count288
LaTeX Info: Redefining \bmod on input line 904.
LaTeX Info: Redefining \pmod on input line 909.
LaTeX Info: Redefining \smash on input line 939.
LaTeX Info: Redefining \relbar on input line 969.
LaTeX Info: Redefining \Relbar on input line 970.
\c@MaxMatrixCols=\count289
\dotsspace@=\muskip17
\c@parentequation=\count290
\dspbrk@lvl=\count291
\tag@help=\toks20
\row@=\count292
\column@=\count293
\maxfields@=\count294
\andhelp@=\toks21
\eqnshift@=\dimen154
\alignsep@=\dimen155
\tagshift@=\dimen156
\tagwidth@=\dimen157
\totwidth@=\dimen158
\lineht@=\dimen159
\@envbody=\toks22
\multlinegap=\skip52
\multlinetaggap=\skip53
\mathdisplay@stack=\toks23
LaTeX Info: Redefining \[ on input line 2950.
LaTeX Info: Redefining \] on input line 2951.
) (C:\Users\LENOVO\AppData\Local\Programs\MiKTeX\tex/latex/graphics\graphicx.sty
Package: graphicx 2024/12/31 v1.2e Enhanced LaTeX Graphics (DPC,SPQR)
 (C:\Users\LENOVO\AppData\Local\Programs\MiKTeX\tex/latex/graphics\keyval.sty
Package: keyval 2022/05/29 v1.15 key=value parser (DPC)
\KV@toks@=\toks24
) (C:\Users\LENOVO\AppData\Local\Programs\MiKTeX\tex/latex/graphics\graphics.sty
Package: graphics 2024/08/06 v1.4g Standard LaTeX Graphics (DPC,SPQR)
 (C:\Users\LENOVO\AppData\Local\Programs\MiKTeX\tex/latex/graphics\trig.sty
Package: trig 2023/12/02 v1.11 sin cos tan (DPC)
) (C:\Users\LENOVO\AppData\Local\Programs\MiKTeX\tex/latex/graphics-cfg\graphics.cfg
File: graphics.cfg 2016/06/04 v1.11 sample graphics configuration
)
Package graphics Info: Driver file: pdftex.def on input line 106.
 (C:\Users\LENOVO\AppData\Local\Programs\MiKTeX\tex/latex/graphics-def\pdftex.def
File: pdftex.def 2025/09/29 v1.2d Graphics/color driver for pdftex
))
\Gin@req@height=\dimen160
\Gin@req@width=\dimen161
) (C:\Users\LENOVO\AppData\Local\Programs\MiKTeX\tex/latex/hyperref\hyperref.sty
Package: hyperref 2026-04-24 v7.01q Hypertext links for LaTeX
 (C:\Users\LENOVO\AppData\Local\Programs\MiKTeX\tex/generic/iftex\iftex.sty
Package: iftex 2024/12/12 v1.0g TeX engine tests
) (C:\Users\LENOVO\AppData\Local\Programs\MiKTeX\tex/latex/kvsetkeys\kvsetkeys.sty
Package: kvsetkeys 2022-10-05 v1.19 Key value parser (HO)
) (C:\Users\LENOVO\AppData\Local\Programs\MiKTeX\tex/generic/kvdefinekeys\kvdefinekeys.sty
Package: kvdefinekeys 2019-12-19 v1.6 Define keys (HO)
) (C:\Users\LENOVO\AppData\Local\Programs\MiKTeX\tex/generic/pdfescape\pdfescape.sty
Package: pdfescape 2019/12/09 v1.15 Implements pdfTeX's escape features (HO)
 (C:\Users\LENOVO\AppData\Local\Programs\MiKTeX\tex/generic/ltxcmds\ltxcmds.sty
Package: ltxcmds 2023-12-04 v1.26 LaTeX kernel commands for general use (HO)
) (C:\Users\LENOVO\AppData\Local\Programs\MiKTeX\tex/generic/pdftexcmds\pdftexcmds.sty
Package: pdftexcmds 2020-06-27 v0.33 Utility functions of pdfTeX for LuaTeX (HO)
 (C:\Users\LENOVO\AppData\Local\Programs\MiKTeX\tex/generic/infwarerr\infwarerr.sty
Package: infwarerr 2019/12/03 v1.5 Providing info/warning/error messages (HO)
)
Package pdftexcmds Info: \pdf@primitive is available.
Package pdftexcmds Info: \pdf@ifprimitive is available.
Package pdftexcmds Info: \pdfdraftmode found.
)) (C:\Users\LENOVO\AppData\Local\Programs\MiKTeX\tex/latex/hycolor\hycolor.sty
Package: hycolor 2020-01-27 v1.10 Color options for hyperref/bookmark (HO)
) (C:\Users\LENOVO\AppData\Local\Programs\MiKTeX\tex/latex/hyperref\nameref.sty
Package: nameref 2026-01-29 v2.58 Cross-referencing by name of section
 (C:\Users\LENOVO\AppData\Local\Programs\MiKTeX\tex/latex/refcount\refcount.sty
Package: refcount 2019/12/15 v3.6 Data extraction from label references (HO)
) (C:\Users\LENOVO\AppData\Local\Programs\MiKTeX\tex/generic/gettitlestring\gettitlestring.sty
Package: gettitlestring 2019/12/15 v1.6 Cleanup title references (HO)
 (C:\Users\LENOVO\AppData\Local\Programs\MiKTeX\tex/latex/kvoptions\kvoptions.sty
Package: kvoptions 2022-06-15 v3.15 Key value format for package options (HO)
))
\c@section@level=\count295
) (C:\Users\LENOVO\AppData\Local\Programs\MiKTeX\tex/latex/etoolbox\etoolbox.sty
Package: etoolbox 2025/10/02 v2.5m e-TeX tools for LaTeX (JAW)
\etb@tempcnta=\count296
) (C:\Users\LENOVO\AppData\Local\Programs\MiKTeX\tex/generic/stringenc\stringenc.sty
Package: stringenc 2019/11/29 v1.12 Convert strings between diff. encodings (HO)
)
\@linkdim=\dimen162
\Hy@linkcounter=\count297
\Hy@pagecounter=\count298
 (C:\Users\LENOVO\AppData\Local\Programs\MiKTeX\tex/latex/hyperref\pd1enc.def
File: pd1enc.def 2026-04-24 v7.01q Hyperref: PDFDocEncoding definition (HO)
Now handling font encoding PD1 ...
... no UTF-8 mapping file for font encoding PD1
) (C:\Users\LENOVO\AppData\Local\Programs\MiKTeX\tex/generic/intcalc\intcalc.sty
Package: intcalc 2019/12/15 v1.3 Expandable calculations with integers (HO)
)
\Hy@SavedSpaceFactor=\count299
 (C:\Users\LENOVO\AppData\Local\Programs\MiKTeX\tex/latex/hyperref\puenc.def
File: puenc.def 2026-04-24 v7.01q Hyperref: PDF Unicode definition (HO)
Now handling font encoding PU ...
... no UTF-8 mapping file for font encoding PU
)
Package hyperref Info: Hyper figures OFF on input line 4199.
Package hyperref Info: Link nesting OFF on input line 4204.
Package hyperref Info: Hyper index ON on input line 4207.
Package hyperref Info: Plain pages OFF on input line 4214.
Package hyperref Info: Backreferencing OFF on input line 4219.
Package hyperref Info: Implicit mode ON; LaTeX internals redefined.
Package hyperref Info: Bookmarks ON on input line 4466.
\c@Hy@tempcnt=\count300
 (C:\Users\LENOVO\AppData\Local\Programs\MiKTeX\tex/latex/url\url.sty
\Urlmuskip=\muskip18
Package: url 2013/09/16  ver 3.4  Verb mode for urls, etc.
)
LaTeX Info: Redefining \url on input line 4805.
\XeTeXLinkMargin=\dimen163
 (C:\Users\LENOVO\AppData\Local\Programs\MiKTeX\tex/generic/bitset\bitset.sty
Package: bitset 2019/12/09 v1.3 Handle bit-vector datatype (HO)
 (C:\Users\LENOVO\AppData\Local\Programs\MiKTeX\tex/generic/bigintcalc\bigintcalc.sty
Package: bigintcalc 2019/12/15 v1.5 Expandable calculations on big integers (HO)
))
\Fld@menulength=\count301
\Field@Width=\dimen164
\Fld@charsize=\dimen165
Package hyperref Info: Hyper figures OFF on input line 6091.
Package hyperref Info: Link nesting OFF on input line 6096.
Package hyperref Info: Hyper index ON on input line 6099.
Package hyperref Info: backreferencing OFF on input line 6106.
Package hyperref Info: Link coloring OFF on input line 6111.
Package hyperref Info: Link coloring with OCG OFF on input line 6116.
Package hyperref Info: PDF/A mode OFF on input line 6121.
\Hy@abspage=\count302
\c@Item=\count303
\c@Hfootnote=\count304
)
Package hyperref Info: Driver (autodetected): hpdftex.
 (C:\Users\LENOVO\AppData\Local\Programs\MiKTeX\tex/latex/hyperref\hpdftex.def
File: hpdftex.def 2026-04-24 v7.01q Hyperref driver for pdfTeX
\Fld@listcount=\count305
\c@bookmark@seq@number=\count306
 (C:\Users\LENOVO\AppData\Local\Programs\MiKTeX\tex/latex/rerunfilecheck\rerunfilecheck.sty
Package: rerunfilecheck 2025-06-21 v1.11 Rerun checks for auxiliary files (HO)
 (C:\Users\LENOVO\AppData\Local\Programs\MiKTeX\tex/generic/uniquecounter\uniquecounter.sty
Package: uniquecounter 2019/12/15 v1.4 Provide unlimited unique counter (HO)
)
Package uniquecounter Info: New unique counter `rerunfilecheck' on input line 284.
)
\Hy@SectionHShift=\skip54
) (C:\Users\LENOVO\AppData\Local\Programs\MiKTeX\tex/latex/booktabs\booktabs.sty
Package: booktabs 2020/01/12 v1.61803398 Publication quality tables
\heavyrulewidth=\dimen166
\lightrulewidth=\dimen167
\cmidrulewidth=\dimen168
\belowrulesep=\dimen169
\belowbottomsep=\dimen170
\aboverulesep=\dimen171
\abovetopsep=\dimen172
\cmidrulesep=\dimen173
\cmidrulekern=\dimen174
\defaultaddspace=\dimen175
\@cmidla=\count307
\@cmidlb=\count308
\@aboverulesep=\dimen176
\@belowrulesep=\dimen177
\@thisruleclass=\count309
\@lastruleclass=\count310
\@thisrulewidth=\dimen178
) (C:\Users\LENOVO\AppData\Local\Programs\MiKTeX\tex/latex/geometry\geometry.sty
Package: geometry 2026/03/07 v6.0 Page Geometry
 (C:\Users\LENOVO\AppData\Local\Programs\MiKTeX\tex/generic/iftex\ifvtex.sty
Package: ifvtex 2019/10/25 v1.7 ifvtex legacy package. Use iftex instead.
)
\Gm@cnth=\count311
\Gm@cntv=\count312
\c@Gm@tempcnt=\count313
\Gm@bindingoffset=\dimen179
\Gm@wd@mp=\dimen180
\Gm@odd@mp=\dimen181
\Gm@even@mp=\dimen182
\Gm@layoutwidth=\dimen183
\Gm@layoutheight=\dimen184
\Gm@layouthoffset=\dimen185
\Gm@layoutvoffset=\dimen186
\Gm@dimlist=\toks25
 (C:\Users\LENOVO\AppData\Local\Programs\MiKTeX\tex/latex/geometry\geometry.cfg)) (C:\Users\LENOVO\AppData\Local\Programs\MiKTeX\tex/latex/float\float.sty
Package: float 2001/11/08 v1.3d Float enhancements (AL)
\c@float@type=\count314
\float@exts=\toks26
\float@box=\box55
\@float@everytoks=\toks27
\@floatcapt=\box56
) (C:\Users\LENOVO\AppData\Local\Programs\MiKTeX\tex/latex/microtype\microtype.sty
Package: microtype 2026/03/01 v3.2d Micro-typographical refinements (RS)
\MT@toks=\toks28
\MT@tempbox=\box57
\MT@count=\count315
LaTeX Info: Redefining \noprotrusionifhmode on input line 1084.
LaTeX Info: Redefining \leftprotrusion on input line 1085.
\MT@prot@toks=\toks29
LaTeX Info: Redefining \rightprotrusion on input line 1104.
LaTeX Info: Redefining \textls on input line 1449.
\MT@outer@kern=\dimen187
LaTeX Info: Redefining \microtypecontext on input line 2053.
LaTeX Info: Redefining \textmicrotypecontext on input line 2070.
\MT@listname@count=\count316
 (C:\Users\LENOVO\AppData\Local\Programs\MiKTeX\tex/latex/microtype\microtype-pdftex.def
File: microtype-pdftex.def 2026/03/01 v3.2d Definitions specific to pdftex (RS)
LaTeX Info: Redefining \lsstyle on input line 944.
LaTeX Info: Redefining \lslig on input line 944.
\MT@outer@space=\skip55
)
Package microtype Info: Loading configuration file microtype.cfg.
 (C:\Users\LENOVO\AppData\Local\Programs\MiKTeX\tex/latex/microtype\microtype.cfg
File: microtype.cfg 2026/03/01 v3.2d microtype main configuration file (RS)
)
LaTeX Info: Redefining \microtypesetup on input line 3065.
) (C:\Users\LENOVO\AppData\Local\Programs\MiKTeX\tex/latex/l3backend\l3backend-pdftex.def
File: l3backend-pdftex.def 2026-02-18 L3 backend support: PDF output (pdfTeX)
\l__color_backend_stack_int=\count317
) (report.aux)
\openout1 = `report.aux'.

LaTeX Font Info:    Checking defaults for OML/cmm/m/it on input line 16.
LaTeX Font Info:    ... okay on input line 16.
LaTeX Font Info:    Checking defaults for OMS/cmsy/m/n on input line 16.
LaTeX Font Info:    ... okay on input line 16.
LaTeX Font Info:    Checking defaults for OT1/cmr/m/n on input line 16.
LaTeX Font Info:    ... okay on input line 16.
LaTeX Font Info:    Checking defaults for T1/cmr/m/n on input line 16.
LaTeX Font Info:    ... okay on input line 16.
LaTeX Font Info:    Checking defaults for TS1/cmr/m/n on input line 16.
LaTeX Font Info:    ... okay on input line 16.
LaTeX Font Info:    Checking defaults for OMX/cmex/m/n on input line 16.
LaTeX Font Info:    ... okay on input line 16.
LaTeX Font Info:    Checking defaults for U/cmr/m/n on input line 16.
LaTeX Font Info:    ... okay on input line 16.
LaTeX Font Info:    Checking defaults for PD1/pdf/m/n on input line 16.
LaTeX Font Info:    ... okay on input line 16.
LaTeX Font Info:    Checking defaults for PU/pdf/m/n on input line 16.
LaTeX Font Info:    ... okay on input line 16.
 (C:\Users\LENOVO\AppData\Local\Programs\MiKTeX\tex/context/base/mkii\supp-pdf.mkii
[Loading MPS to PDF converter (version 2006.09.02).]
\scratchcounter=\count318
\scratchdimen=\dimen188
\scratchbox=\box58
\nofMPsegments=\count319
\nofMParguments=\count320
\everyMPshowfont=\toks30
\MPscratchCnt=\count321
\MPscratchDim=\dimen189
\MPnumerator=\count322
\makeMPintoPDFobject=\count323
\everyMPtoPDFconversion=\toks31
) (C:\Users\LENOVO\AppData\Local\Programs\MiKTeX\tex/latex/epstopdf-pkg\epstopdf-base.sty
Package: epstopdf-base 2020-01-24 v2.11 Base part for package epstopdf
Package epstopdf-base Info: Redefining graphics rule for `.eps' on input line 485.
 (C:\Users\LENOVO\AppData\Local\Programs\MiKTeX\tex/latex/00miktex\epstopdf-sys.cfg
File: epstopdf-sys.cfg 2021/03/18 v2.0 Configuration of epstopdf for MiKTeX
))
Package hyperref Info: Link coloring OFF on input line 16.
 (report.out) (report.out)
\@outlinefile=\write3
\openout3 = `report.out'.


*geometry* driver: auto-detecting
*geometry* detected driver: pdftex
*geometry* verbose mode - [ preamble ] result:
* driver: pdftex
* paper: a4paper
* layout: <same size as paper>
* layoutoffset:(h,v)=(0.0pt,0.0pt)
* modes: 
* h-part:(L,W,R)=(72.26999pt, 452.9679pt, 72.26999pt)
* v-part:(T,H,B)=(72.26999pt, 700.50687pt, 72.26999pt)
* \paperwidth=597.50787pt
* \paperheight=845.04684pt
* \textwidth=452.9679pt
* \textheight=700.50687pt
* \oddsidemargin=0.0pt
* \evensidemargin=0.0pt
* \topmargin=-37.0pt
* \headheight=12.0pt
* \headsep=25.0pt
* \topskip=12.0pt
* \footskip=30.0pt
* \marginparwidth=35.0pt
* \marginparsep=10.0pt
* \columnsep=10.0pt
* \skip\footins=10.8pt plus 4.0pt minus 2.0pt
* \hoffset=0.0pt
* \voffset=0.0pt
* \mag=1000
* \@twocolumnfalse
* \@twosidefalse
* \@mparswitchfalse
* \@reversemarginfalse
* (1in=72.27pt=25.4mm, 1cm=28.453pt)

LaTeX Info: Redefining \microtypecontext on input line 16.
Package microtype Info: Applying patch `item' on input line 16.
Package microtype Info: Applying patch `toc' on input line 16.
Package microtype Info: Applying patch `eqnum' on input line 16.
Package microtype Info: Applying patch `footnote' on input line 16.
Package microtype Info: Applying patch `verbatim' on input line 16.
LaTeX Info: Redefining \microtypesetup on input line 16.
Package microtype Info: Generating PDF output.
Package microtype Info: Character protrusion enabled (level 2).
Package microtype Info: Using default protrusion set `alltext'.
Package microtype Info: Automatic font expansion enabled (level 2),
(microtype)             stretch: 20, shrink: 20, step: 1, non-selected.
Package microtype Info: Using default expansion set `alltext-nott'.
Package microtype Info: Patching command `\showhyphens'.
Package microtype Info: No adjustment of tracking.
Package microtype Info: No adjustment of interword spacing.
Package microtype Info: No adjustment of character kerning.
(C:\Users\LENOVO\AppData\Local\Programs\MiKTeX\tex/latex/microtype\mt-cmr.cfg
File: mt-cmr.cfg 2013/05/19 v2.2 microtype config. file: Computer Modern Roman (RS)
) [1

{C:/Users/LENOVO/AppData/Local/MiKTeX/fonts/map/pdftex/pdftex.map}]
pdfTeX warning (ext4): destination with the same identifier (name{page.1}) has been already used, duplicate ignored
<to be read again> 
                   \relax 
l.22 \end{abstract}
                    [1] (report.toc)
\tf@toc=\write4
\openout4 = `report.toc'.


pdfTeX warning (ext4): destination with the same identifier (name{page.1}) has been already used, duplicate ignored
<to be read again> 
                   \relax 
l.25 \newpage
              [1] [2]
<../Images/outputs/sequential_output.png, id=96, 1696.08656pt x 453.94594pt>
File: ../Images/outputs/sequential_output.png Graphic file (type png)
<use ../Images/outputs/sequential_output.png>
Package pdftex.def Info: ../Images/outputs/sequential_output.png  used on input line 44.
(pdftex.def)             Requested size: 452.9679pt x 121.2302pt.
<../Images/outputs/openMP_output_with_2_threads.png, id=98, 1114.91531pt x 437.38406pt>
File: ../Images/outputs/openMP_output_with_2_threads.png Graphic file (type png)
<use ../Images/outputs/openMP_output_with_2_threads.png>
Package pdftex.def Info: ../Images/outputs/openMP_output_with_2_threads.png  used on input line 57.
(pdftex.def)             Requested size: 407.66833pt x 159.92749pt.
<../Images/outputs/openMP_output_with_4_threads.png, id=99, 1152.55594pt x 438.13687pt>
File: ../Images/outputs/openMP_output_with_4_threads.png Graphic file (type png)
<use ../Images/outputs/openMP_output_with_4_threads.png>
Package pdftex.def Info: ../Images/outputs/openMP_output_with_4_threads.png  used on input line 60.
(pdftex.def)             Requested size: 407.66833pt x 154.97475pt.
<../Images/outputs/openMP_output_with_8_threads.png, id=100, 1077.27469pt x 431.36156pt>
File: ../Images/outputs/openMP_output_with_8_threads.png Graphic file (type png)
<use ../Images/outputs/openMP_output_with_8_threads.png>
Package pdftex.def Info: ../Images/outputs/openMP_output_with_8_threads.png  used on input line 63.
(pdftex.def)             Requested size: 407.66833pt x 163.24113pt.
 [3
pdfTeX warning (ext4): destination with the same identifier (name{figure.1}) has been already used, duplicate ignored
<argument> ...shipout:D \box_use:N \l_shipout_box 
                                                  \__shipout_drop_firstpage_...
l.66 
      <../Images/outputs/sequential_output.png>] [4
pdfTeX warning (ext4): destination with the same identifier (name{figure.2}) has been already used, duplicate ignored
<argument> ...shipout:D \box_use:N \l_shipout_box 
                                                  \__shipout_drop_firstpage_...
l.72     \item \textbf
                      {Resolution:} The bug was rectified by extending the \... <../Images/outputs/openMP_output_with_2_threads.png> <../Images/outputs/openMP_output_with_4_threads.png> <../Images/outputs/openMP_output_with_8_threads.png>]
<../Images/outputs/pthreads_output_with_2_threads.png, id=116, 1366.35469pt x 416.30531pt>
File: ../Images/outputs/pthreads_output_with_2_threads.png Graphic file (type png)
<use ../Images/outputs/pthreads_output_with_2_threads.png>
Package pdftex.def Info: ../Images/outputs/pthreads_output_with_2_threads.png  used on input line 77.
(pdftex.def)             Requested size: 407.66833pt x 124.2065pt.
<../Images/outputs/pthreads_output_with_4_threads.png, id=117, 1352.05125pt x 418.56375pt>
File: ../Images/outputs/pthreads_output_with_4_threads.png Graphic file (type png)
<use ../Images/outputs/pthreads_output_with_4_threads.png>
Package pdftex.def Info: ../Images/outputs/pthreads_output_with_4_threads.png  used on input line 80.
(pdftex.def)             Requested size: 407.66833pt x 126.20238pt.
<../Images/outputs/pthreads_output_with_8_threads.png, id=118, 1242.89343pt x 417.81094pt>
File: ../Images/outputs/pthreads_output_with_8_threads.png Graphic file (type png)
<use ../Images/outputs/pthreads_output_with_8_threads.png>
Package pdftex.def Info: ../Images/outputs/pthreads_output_with_8_threads.png  used on input line 83.
(pdftex.def)             Requested size: 407.66833pt x 137.04288pt.
 [5
pdfTeX warning (ext4): destination with the same identifier (name{figure.3}) has been already used, duplicate ignored
<argument> ...shipout:D \box_use:N \l_shipout_box 
                                                  \__shipout_drop_firstpage_...
l.91     \item \textbf
                      {Memory Leak Found:} A code review identified a minor ... <../Images/outputs/pthreads_output_with_2_threads.png> <../Images/outputs/pthreads_output_with_4_threads.png> <../Images/outputs/pthreads_output_with_8_threads.png>]
<../Images/outputs/mpi_output_with_2_threads.png, id=128, 1178.15157pt x 436.63126pt>
File: ../Images/outputs/mpi_output_with_2_threads.png Graphic file (type png)
<use ../Images/outputs/mpi_output_with_2_threads.png>
Package pdftex.def Info: ../Images/outputs/mpi_output_with_2_threads.png  used on input line 96.
(pdftex.def)             Requested size: 407.66833pt x 151.08432pt.
<../Images/outputs/mpi_output_with_4_threads.png, id=129, 1133.73563pt x 432.11438pt>
File: ../Images/outputs/mpi_output_with_4_threads.png Graphic file (type png)
<use ../Images/outputs/mpi_output_with_4_threads.png>
Package pdftex.def Info: ../Images/outputs/mpi_output_with_4_threads.png  used on input line 99.
(pdftex.def)             Requested size: 407.66833pt x 155.37643pt.
<../Images/outputs/mpi_output_with_8_threads.png, id=130, 1155.56718pt x 433.62pt>
File: ../Images/outputs/mpi_output_with_8_threads.png Graphic file (type png)
<use ../Images/outputs/mpi_output_with_8_threads.png>
Package pdftex.def Info: ../Images/outputs/mpi_output_with_8_threads.png  used on input line 102.
(pdftex.def)             Requested size: 407.66833pt x 152.97346pt.
 [6
pdfTeX warning (ext4): destination with the same identifier (name{figure.4}) has been already used, duplicate ignored
<argument> ...shipout:D \box_use:N \l_shipout_box 
                                                  \__shipout_drop_firstpage_...
l.110     \item \textbf
                       {Benefits:} This drastically reduces the MPI communic... <../Images/outputs/mpi_output_with_2_threads.png> <../Images/outputs/mpi_output_with_4_threads.png> <../Images/outputs/mpi_output_with_8_threads.png>]
<../Images/outputs/hybrid_output_with_2_threads_2_processes.png, id=139, 1179.65718pt x 432.11438pt>
File: ../Images/outputs/hybrid_output_with_2_threads_2_processes.png Graphic file (type png)
<use ../Images/outputs/hybrid_output_with_2_threads_2_processes.png>
Package pdftex.def Info: ../Images/outputs/hybrid_output_with_2_threads_2_processes.png  used on input line 115.
(pdftex.def)             Requested size: 407.66833pt x 149.33017pt.
<../Images/outputs/hybrid_output_with_2_threads_4_processes.png, id=140, 1221.81468pt x 433.62pt>
File: ../Images/outputs/hybrid_output_with_2_threads_4_processes.png Graphic file (type png)
<use ../Images/outputs/hybrid_output_with_2_threads_4_processes.png>
Package pdftex.def Info: ../Images/outputs/hybrid_output_with_2_threads_4_processes.png  used on input line 118.
(pdftex.def)             Requested size: 407.66833pt x 144.683pt.
<../Images/outputs/hybrid_output_with_4_threads_2_processes.png, id=141, 1215.03937pt x 460.72125pt>
File: ../Images/outputs/hybrid_output_with_4_threads_2_processes.png Graphic file (type png)
<use ../Images/outputs/hybrid_output_with_4_threads_2_processes.png>
Package pdftex.def Info: ../Images/outputs/hybrid_output_with_4_threads_2_processes.png  used on input line 121.
(pdftex.def)             Requested size: 407.66833pt x 154.57632pt.
<../Images/outputs/hybrid_output_with_4_threads_4_processes.png, id=142, 1224.82594pt x 433.62pt>
File: ../Images/outputs/hybrid_output_with_4_threads_4_processes.png Graphic file (type png)
<use ../Images/outputs/hybrid_output_with_4_threads_4_processes.png>
Package pdftex.def Info: ../Images/outputs/hybrid_output_with_4_threads_4_processes.png  used on input line 124.
(pdftex.def)             Requested size: 407.66833pt x 144.3257pt.
<../Images/outputs/hybrid_output_with_8_threads_2_processes.png, id=143, 1177.39874pt x 435.87843pt>
File: ../Images/outputs/hybrid_output_with_8_threads_2_processes.png Graphic file (type png)
<use ../Images/outputs/hybrid_output_with_8_threads_2_processes.png>
Package pdftex.def Info: ../Images/outputs/hybrid_output_with_8_threads_2_processes.png  used on input line 127.
(pdftex.def)             Requested size: 407.66833pt x 150.91695pt.
<../Images/outputs/hybrid_output_with_8_threads_4_processes.png, id=144, 1231.60126pt x 430.60875pt>
File: ../Images/outputs/hybrid_output_with_8_threads_4_processes.png Graphic file (type png)
<use ../Images/outputs/hybrid_output_with_8_threads_4_processes.png>
Package pdftex.def Info: ../Images/outputs/hybrid_output_with_8_threads_4_processes.png  used on input line 130.
(pdftex.def)             Requested size: 407.66833pt x 142.5284pt.
 [7]
Overfull \vbox (272.53319pt too high) has occurred while \output is active []

 [8
pdfTeX warning (ext4): destination with the same identifier (name{figure.5}) has been already used, duplicate ignored
<argument> ...shipout:D \box_use:N \l_shipout_box 
                                                  \__shipout_drop_firstpage_...
l.133 
       <../Images/outputs/hybrid_output_with_2_threads_2_processes.png> <../Images/outputs/hybrid_output_with_2_threads_4_processes.png> <../Images/outputs/hybrid_output_with_4_threads_2_processes.png> <../Images/outputs/hybrid_output_with_4_threads_4_processes.png> <../Images/outputs/hybrid_output_with_8_threads_2_processes.png> <../Images/outputs/hybrid_output_with_8_threads_4_processes.png>]
<../Images/outputs/cuda_output.png, id=160, 881.54344pt x 406.51875pt>
File: ../Images/outputs/cuda_output.png Graphic file (type png)
<use ../Images/outputs/cuda_output.png>
Package pdftex.def Info: ../Images/outputs/cuda_output.png  used on input line 144.
(pdftex.def)             Requested size: 362.37569pt x 167.10797pt.
 [9
pdfTeX warning (ext4): destination with the same identifier (name{figure.6}) has been already used, duplicate ignored
<argument> ...shipout:D \box_use:N \l_shipout_box 
                                                  \__shipout_drop_firstpage_...
l.148 \newpage
               <../Images/outputs/cuda_output.png>]
<../Images/plot_time.png, id=170, 722.7pt x 433.62pt>
File: ../Images/plot_time.png Graphic file (type png)
<use ../Images/plot_time.png>
Package pdftex.def Info: ../Images/plot_time.png  used on input line 182.
(pdftex.def)             Requested size: 407.66833pt x 244.59877pt.
 [10
pdfTeX warning (ext4): destination with the same identifier (name{table.1}) has been already used, duplicate ignored
<argument> ...shipout:D \box_use:N \l_shipout_box 
                                                  \__shipout_drop_firstpage_...
l.186 
      ]
<../Images/plot_speedup.png, id=181, 722.7pt x 433.62pt>
File: ../Images/plot_speedup.png Graphic file (type png)
<use ../Images/plot_speedup.png>
Package pdftex.def Info: ../Images/plot_speedup.png  used on input line 189.
(pdftex.def)             Requested size: 407.66833pt x 244.59877pt.
 [11
pdfTeX warning (ext4): destination with the same identifier (name{figure.7}) has been already used, duplicate ignored
<argument> ...shipout:D \box_use:N \l_shipout_box 
                                                  \__shipout_drop_firstpage_...
l.215 \end{table}
                 
pdfTeX warning (ext4): destination with the same identifier (name{figure.8}) has been already used, duplicate ignored
<argument> ...shipout:D \box_use:N \l_shipout_box 
                                                  \__shipout_drop_firstpage_...
l.215 \end{table}
                  <../Images/plot_time.png> <../Images/plot_speedup.png>]
<../Images/plot_scaling.png, id=190, 722.7pt x 433.62pt>
File: ../Images/plot_scaling.png Graphic file (type png)
<use ../Images/plot_scaling.png>
Package pdftex.def Info: ../Images/plot_scaling.png  used on input line 219.
(pdftex.def)             Requested size: 407.66833pt x 244.59877pt.
 [12
pdfTeX warning (ext4): destination with the same identifier (name{table.2}) has been already used, duplicate ignored
<argument> ...shipout:D \box_use:N \l_shipout_box 
                                                  \__shipout_drop_firstpage_...
l.226 \newpage
              
pdfTeX warning (ext4): destination with the same identifier (name{figure.9}) has been already used, duplicate ignored
<argument> ...shipout:D \box_use:N \l_shipout_box 
                                                  \__shipout_drop_firstpage_...
l.226 \newpage
               <../Images/plot_scaling.png>] (report.bbl) [13] (report.aux)
 ***********
LaTeX2e <2025-11-01>
L3 programming layer <2026-03-20>
 ***********
Package rerunfilecheck Info: File `report.out' has not changed.
(rerunfilecheck)             Checksum: ACD53D08F0D1C503CA7CFFD9A173F37E;2715.
 ) 
Here is how much of TeX's memory you used:
 12066 strings out of 467691
 196806 string characters out of 5414504
 648213 words of memory out of 5000000
 40850 multiletter control sequences out of 15000+600000
 637820 words of font info for 120 fonts, out of 8000000 for 9000
 1141 hyphenation exceptions out of 8191
 75i,9n,79p,1075b,547s stack positions out of 10000i,1000n,20000p,200000b,200000s
 <C:\Users\LENOVO\AppData\Local\MiKTeX\fonts/pk/ljfour/jknappen/ec/dpi600\tcrm1200.pk><C:/Users/LENOVO/AppData/Local/Programs/MiKTeX/fonts/type1/public/amsfonts/cm/cmbx12.pfb><C:/Users/LENOVO/AppData/Local/Programs/MiKTeX/fonts/type1/public/amsfonts/cm/cmex10.pfb><C:/Users/LENOVO/AppData/Local/Programs/MiKTeX/fonts/type1/public/amsfonts/cm/cmmi12.pfb><C:/Users/LENOVO/AppData/Local/Programs/MiKTeX/fonts/type1/public/amsfonts/cm/cmmi8.pfb><C:/Users/LENOVO/AppData/Local/Programs/MiKTeX/fonts/type1/public/amsfonts/cm/cmr12.pfb><C:/Users/LENOVO/AppData/Local/Programs/MiKTeX/fonts/type1/public/amsfonts/cm/cmr17.pfb><C:/Users/LENOVO/AppData/Local/Programs/MiKTeX/fonts/type1/public/amsfonts/cm/cmr8.pfb><C:/Users/LENOVO/AppData/Local/Programs/MiKTeX/fonts/type1/public/amsfonts/cm/cmsy10.pfb><C:/Users/LENOVO/AppData/Local/Programs/MiKTeX/fonts/type1/public/amsfonts/cm/cmti12.pfb><C:/Users/LENOVO/AppData/Local/Programs/MiKTeX/fonts/type1/public/amsfonts/cm/cmtt12.pfb>
Output written on report.pdf (15 pages, 1636957 bytes).
PDF statistics:
 263 PDF objects out of 1000 (max. 8388607)
 45 named destinations out of 1000 (max. 500000)
 27341 words of extra memory for PDF output out of 29859 (max. 10000000)

